Copyright 1986-2022 Xilinx, Inc. All Rights Reserved. Copyright 2022-2024 Advanced Micro Devices, Inc. All Rights Reserved.
---------------------------------------------------------------------------------------------------------------------------------------------
| Tool Version : Vivado v.2024.2 (win64) Build 5239630 Fri Nov 08 22:35:27 MST 2024
| Date         : Sat Apr 11 22:27:35 2026
| Host         : DucLe running 64-bit major release  (build 9200)
| Command      : report_utilization -file my_softmax_wrapper_utilization_placed.rpt -pb my_softmax_wrapper_utilization_placed.pb
| Design       : my_softmax_wrapper
| Device       : xck26-sfvc784-2LV-c
| Speed File   : -2LV
| Design State : Fully Placed
---------------------------------------------------------------------------------------------------------------------------------------------

Utilization Design Information

Table of Contents
-----------------
1. CLB Logic
1.1 Summary of Registers by Type
2. CLB Logic Distribution
3. BLOCKRAM
4. ARITHMETIC
5. I/O
6. CLOCK
7. ADVANCED
8. CONFIGURATION
9. Primitives
10. Black Boxes
11. Instantiated Netlists

1. CLB Logic
------------

+----------------------------+-------+-------+------------+-----------+-------+
|          Site Type         |  Used | Fixed | Prohibited | Available | Util% |
+----------------------------+-------+-------+------------+-----------+-------+
| CLB LUTs                   | 11529 |     0 |          0 |    117120 |  9.84 |
|   LUT as Logic             | 10599 |     0 |          0 |    117120 |  9.05 |
|   LUT as Memory            |   930 |     0 |          0 |     57600 |  1.61 |
|     LUT as Distributed RAM |   684 |     0 |            |           |       |
|     LUT as Shift Register  |   246 |     0 |            |           |       |
| CLB Registers              | 17663 |     0 |          0 |    234240 |  7.54 |
|   Register as Flip Flop    | 17663 |     0 |          0 |    234240 |  7.54 |
|   Register as Latch        |     0 |     0 |          0 |    234240 |  0.00 |
| CARRY8                     |   440 |     0 |          0 |     14640 |  3.01 |
| F7 Muxes                   |    64 |     0 |          0 |     58560 |  0.11 |
| F8 Muxes                   |    32 |     0 |          0 |     29280 |  0.11 |
| F9 Muxes                   |     0 |     0 |          0 |     14640 |  0.00 |
+----------------------------+-------+-------+------------+-----------+-------+
* Warning! LUT value is adjusted to account for LUT combining.


1.1 Summary of Registers by Type
--------------------------------

+-------+--------------+-------------+--------------+
| Total | Clock Enable | Synchronous | Asynchronous |
+-------+--------------+-------------+--------------+
| 0     |            _ |           - |            - |
| 0     |            _ |           - |          Set |
| 0     |            _ |           - |        Reset |
| 0     |            _ |         Set |            - |
| 0     |            _ |       Reset |            - |
| 0     |          Yes |           - |            - |
| 0     |          Yes |           - |          Set |
| 126   |          Yes |           - |        Reset |
| 333   |          Yes |         Set |            - |
| 17204 |          Yes |       Reset |            - |
+-------+--------------+-------------+--------------+


2. CLB Logic Distribution
-------------------------

+--------------------------------------------+-------+-------+------------+-----------+-------+
|                  Site Type                 |  Used | Fixed | Prohibited | Available | Util% |
+--------------------------------------------+-------+-------+------------+-----------+-------+
| CLB                                        |  2453 |     0 |          0 |     14640 | 16.76 |
|   CLBL                                     |  1049 |     0 |            |           |       |
|   CLBM                                     |  1404 |     0 |            |           |       |
| LUT as Logic                               | 10599 |     0 |          0 |    117120 |  9.05 |
|   using O5 output only                     |   300 |       |            |           |       |
|   using O6 output only                     |  6840 |       |            |           |       |
|   using O5 and O6                          |  3459 |       |            |           |       |
| LUT as Memory                              |   930 |     0 |          0 |     57600 |  1.61 |
|   LUT as Distributed RAM                   |   684 |     0 |            |           |       |
|     using O5 output only                   |     0 |       |            |           |       |
|     using O6 output only                   |     6 |       |            |           |       |
|     using O5 and O6                        |   678 |       |            |           |       |
|   LUT as Shift Register                    |   246 |     0 |            |           |       |
|     using O5 output only                   |     1 |       |            |           |       |
|     using O6 output only                   |   172 |       |            |           |       |
|     using O5 and O6                        |    73 |       |            |           |       |
| CLB Registers                              | 17663 |     0 |          0 |    234240 |  7.54 |
|   Register driven from within the CLB      | 11231 |       |            |           |       |
|   Register driven from outside the CLB     |  6432 |       |            |           |       |
|     LUT in front of the register is unused |  5060 |       |            |           |       |
|     LUT in front of the register is used   |  1372 |       |            |           |       |
| Unique Control Sets                        |   635 |       |          0 |     29280 |  2.17 |
+--------------------------------------------+-------+-------+------------+-----------+-------+
* * Note: Available Control Sets calculated as Slices * 2, Review the Control Sets Report for more information regarding control sets.


3. BLOCKRAM
-----------

+-------------------+------+-------+------------+-----------+-------+
|     Site Type     | Used | Fixed | Prohibited | Available | Util% |
+-------------------+------+-------+------------+-----------+-------+
| Block RAM Tile    | 20.5 |     0 |          0 |       144 | 14.24 |
|   RAMB36/FIFO*    |   16 |     0 |          0 |       144 | 11.11 |
|     RAMB36E2 only |   16 |       |            |           |       |
|   RAMB18          |    9 |     0 |          0 |       288 |  3.13 |
|     RAMB18E2 only |    9 |       |            |           |       |
| URAM              |    0 |     0 |          0 |        64 |  0.00 |
+-------------------+------+-------+------------+-----------+-------+
* Note: Each Block RAM Tile only has one FIFO logic available and therefore can accommodate only one FIFO36E2 or one FIFO18E2. However, if a FIFO18E2 occupies a Block RAM Tile, that tile can still accommodate a RAMB18E2


4. ARITHMETIC
-------------

+-----------+------+-------+------------+-----------+-------+
| Site Type | Used | Fixed | Prohibited | Available | Util% |
+-----------+------+-------+------------+-----------+-------+
| DSPs      |    0 |     0 |          0 |      1248 |  0.00 |
+-----------+------+-------+------------+-----------+-------+


5. I/O
------

+------------------+------+-------+------------+-----------+-------+
|     Site Type    | Used | Fixed | Prohibited | Available | Util% |
+------------------+------+-------+------------+-----------+-------+
| Bonded IOB       |    0 |     0 |          0 |       189 |  0.00 |
| HPIOB_M          |    0 |     0 |          0 |        58 |  0.00 |
| HPIOB_S          |    0 |     0 |          0 |        58 |  0.00 |
| HDIOB_M          |    0 |     0 |          0 |        35 |  0.00 |
| HDIOB_S          |    0 |     0 |          0 |        35 |  0.00 |
| HPIOB_SNGL       |    0 |     0 |          0 |         3 |  0.00 |
| HPIOBDIFFINBUF   |    0 |     0 |          0 |        82 |  0.00 |
| HPIOBDIFFOUTBUF  |    0 |     0 |          0 |        82 |  0.00 |
| HDIOBDIFFINBUF   |    0 |     0 |          0 |        35 |  0.00 |
| BITSLICE_CONTROL |    0 |     0 |          0 |        32 |  0.00 |
| BITSLICE_RX_TX   |    0 |     0 |          0 |      1248 |  0.00 |
| BITSLICE_TX      |    0 |     0 |          0 |        32 |  0.00 |
| RIU_OR           |    0 |     0 |          0 |        16 |  0.00 |
+------------------+------+-------+------------+-----------+-------+


6. CLOCK
--------

+------------+------+-------+------------+-----------+-------+
|  Site Type | Used | Fixed | Prohibited | Available | Util% |
+------------+------+-------+------------+-----------+-------+
| BUFGCE     |    0 |     0 |          0 |       112 |  0.00 |
| BUFGCE_DIV |    0 |     0 |          0 |        16 |  0.00 |
| BUFG_GT    |    0 |     0 |          0 |        96 |  0.00 |
| BUFG_PS    |    1 |     0 |          0 |        96 |  1.04 |
| BUFGCTRL*  |    0 |     0 |          0 |        32 |  0.00 |
| PLL        |    0 |     0 |          0 |         8 |  0.00 |
| MMCM       |    0 |     0 |          0 |         4 |  0.00 |
+------------+------+-------+------------+-----------+-------+
* Note: Each used BUFGCTRL counts as two GLOBAL CLOCK BUFFERs. This table does not include global clocking resources, only buffer cell usage. See the Clock Utilization Report (report_clock_utilization) for detailed accounting of global clocking resource availability.


7. ADVANCED
-----------

+-----------------+------+-------+------------+-----------+--------+
|    Site Type    | Used | Fixed | Prohibited | Available |  Util% |
+-----------------+------+-------+------------+-----------+--------+
| GTHE4_CHANNEL   |    0 |     0 |          0 |         4 |   0.00 |
| GTHE4_COMMON    |    0 |     0 |          0 |         1 |   0.00 |
| OBUFDS_GTE4     |    0 |     0 |          0 |         2 |   0.00 |
| OBUFDS_GTE4_ADV |    0 |     0 |          0 |         2 |   0.00 |
| PCIE40E4        |    0 |     0 |          0 |         2 |   0.00 |
| PS8             |    1 |     0 |          0 |         1 | 100.00 |
| SYSMONE4        |    0 |     0 |          0 |         1 |   0.00 |
| VCU             |    0 |     0 |          0 |         1 |   0.00 |
+-----------------+------+-------+------------+-----------+--------+


8. CONFIGURATION
----------------

+-------------+------+-------+------------+-----------+-------+
|  Site Type  | Used | Fixed | Prohibited | Available | Util% |
+-------------+------+-------+------------+-----------+-------+
| BSCANE2     |    0 |     0 |          0 |         4 |  0.00 |
| DNA_PORTE2  |    0 |     0 |          0 |         1 |  0.00 |
| EFUSE_USR   |    0 |     0 |          0 |         1 |  0.00 |
| FRAME_ECCE4 |    0 |     0 |          0 |         1 |  0.00 |
| ICAPE3      |    0 |     0 |          0 |         2 |  0.00 |
| MASTER_JTAG |    0 |     0 |          0 |         1 |  0.00 |
| STARTUPE3   |    0 |     0 |          0 |         1 |  0.00 |
+-------------+------+-------+------------+-----------+-------+


9. Primitives
-------------

+----------+-------+---------------------+
| Ref Name |  Used | Functional Category |
+----------+-------+---------------------+
| FDRE     | 17204 |            Register |
| LUT3     |  4359 |                 CLB |
| LUT6     |  3108 |                 CLB |
| LUT2     |  2931 |                 CLB |
| LUT4     |  2069 |                 CLB |
| LUT5     |  1318 |                 CLB |
| RAMD32   |  1192 |                 CLB |
| CARRY8   |   440 |                 CLB |
| FDSE     |   333 |            Register |
| SRL16E   |   319 |                 CLB |
| LUT1     |   273 |                 CLB |
| RAMS32   |   170 |                 CLB |
| FDCE     |   126 |            Register |
| MUXF7    |    64 |                 CLB |
| MUXF8    |    32 |                 CLB |
| RAMB36E2 |    16 |            BLOCKRAM |
| RAMB18E2 |     9 |            BLOCKRAM |
| PS8      |     1 |            Advanced |
| BUFG_PS  |     1 |               Clock |
+----------+-------+---------------------+


10. Black Boxes
---------------

+----------+------+
| Ref Name | Used |
+----------+------+


11. Instantiated Netlists
-------------------------

+--------------------------------+------+
|            Ref Name            | Used |
+--------------------------------+------+
| my_softmax_zynq_ultra_ps_e_0_0 |    1 |
| my_softmax_softmax_dl2_v6_0_0  |    1 |
| my_softmax_rst_ps8_0_333M_0    |    1 |
| my_softmax_axi_smc_1_0         |    1 |
| my_softmax_axi_smc_0           |    1 |
| my_softmax_axi_dma_0_0         |    1 |
+--------------------------------+------+


